// Jest Snapshot v1, https://goo.gl/fbAQLP

exports[`should render ExpenseList with empty message 1`] = `
<div>
  <p>
     no expenses 
  </p>
</div>
`;

exports[`should render ExpenseList with expenses 1`] = `
<div>
  <Connect(ExpenseListItem)
    amount={195}
    createdAt={0}
    description="Gum"
    id="1"
    key="0"
    note=""
  />
  <Connect(ExpenseListItem)
    amount={10}
    createdAt={259200000}
    description="avocado"
    id="3"
    key="1"
    note=""
  />
  <Connect(ExpenseListItem)
    amount={5000}
    createdAt={-1036800000}
    description="Credit Card"
    id="4"
    key="2"
    note=""
  />
</div>
`;
