// Jest Snapshot v1, https://goo.gl/fbAQLP

exports[`display summary expense page 1`] = `
<div>
  <h1>
    Viewing 
    3
     
    expenses
     totalling 
    $200.00
  </h1>
</div>
`;
