// Jest Snapshot v1, https://goo.gl/fbAQLP

exports[`should render expense landing page 1`] = `<landingPage />`;
