// Jest Snapshot v1, https://goo.gl/fbAQLP

exports[`should render Login Page 1`] = `
<div
  id="login-main"
>
  <div
    className="login-container"
  >
    <h2
      className="login-title"
    >
      Expenso
    </h2>
    <p>
      Manage your expenses with ease!
    </p>
    <button
      className="btn login-btn"
      onClick={[MockFunction]}
    >
      Login with Google
    </button>
  </div>
</div>
`;
